# Licensed to the Apache Software Foundation (ASF) under one or more
# contributor license agreements.  See the NOTICE file distributed with
# this work for additional information regarding copyright ownership.
# The ASF licenses this file to You under the Apache License, Version 2.0
# (the "License"); you may not use this file except in compliance with
# the License.  You may obtain a copy of the License at
#
#     http://www.apache.org/licenses/LICENSE-2.0
#
# Unless required by applicable law or agreed to in writing, software
# distributed under the License is distributed on an "AS IS" BASIS,
# WITHOUT WARRANTIES OR CONDITIONS OF ANY KIND, either express or implied.
# See the License for the specific language governing permissions and
# limitations under the License.

apiVersion: rbac.authorization.k8s.io/v1
kind: ClusterRole
metadata:
  labels:
    app.kubernetes.io/instance: admin
    app.kubernetes.io/managed-by: Helm
    app.kubernetes.io/name: dubbo-admin
    helm.sh/chart: dubbo-admin-0.5.0
  name: admin-dubbo-admin-clusterrole
  namespace: dubbo-system
rules:
  - apiGroups:
      - ""
    resources:
      - configmaps
      - secrets
      - pods
    verbs:
      - get
      - watch
      - list
  - apiGroups:
      - extensions
    resources:
      - ingresses
    verbs:
      - get
  - apiGroups:
      - apps
    resources:
      - configmaps
      - deployments
      - services
    verbs:
      - get
      - list
      - watch
---
apiVersion: rbac.authorization.k8s.io/v1
kind: ClusterRoleBinding
metadata:
  labels:
    app.kubernetes.io/instance: admin
    app.kubernetes.io/managed-by: Helm
    app.kubernetes.io/name: dubbo-admin
    helm.sh/chart: dubbo-admin-0.5.0
  name: admin-dubbo-admin-clusterrolebinding
  namespace: dubbo-system
roleRef:
  apiGroup: rbac.authorization.k8s.io
  kind: ClusterRole
  name: admin-dubbo-admin-clusterrole
subjects:
  - kind: ServiceAccount
    name: admin-dubbo-admin
    namespace: dubbo-system
---
apiVersion: apps/v1
kind: Deployment
metadata:
  labels:
    app.kubernetes.io/instance: admin
    app.kubernetes.io/managed-by: Helm
    app.kubernetes.io/name: dubbo-admin
    helm.sh/chart: dubbo-admin-0.5.0
  name: admin-dubbo-admin
  namespace: dubbo-system
spec:
  selector:
    matchLabels:
      app.kubernetes.io/instance: admin
      app.kubernetes.io/name: dubbo-admin
  strategy:
    type: RollingUpdate
  template:
    metadata:
      labels:
        app.kubernetes.io/instance: admin
        app.kubernetes.io/name: dubbo-admin
    spec:
      containers:
        - image: apache/dubbo-admin:0.5.0
          imagePullPolicy: IfNotPresent
          livenessProbe:
            failureThreshold: 3
            httpGet:
              path: /
              port: 8080
            initialDelaySeconds: 60
            periodSeconds: 10
            successThreshold: 1
            timeoutSeconds: 30
          name: dubbo-admin
          ports:
            - containerPort: 8080
              name: http
          readinessProbe:
            failureThreshold: 3
            httpGet:
              path: /
              port: 8080
            initialDelaySeconds: 60
            periodSeconds: 10
            successThreshold: 1
            timeoutSeconds: 30
          resources: {}
          securityContext:
            runAsNonRoot: false
            runAsUser: 0
          startupProbe:
            failureThreshold: 3
            httpGet:
              path: /
              port: 8080
            initialDelaySeconds: 60
            periodSeconds: 10
            successThreshold: 1
            timeoutSeconds: 30
          volumeMounts:
            - mountPath: /config
              name: application-properties
              readOnly: true
            - mountPath: /storage
              name: storage
              readOnly: true
      serviceAccountName: admin-dubbo-admin
      volumes:
        - name: application-properties
          secret:
            secretName: admin-dubbo-admin-secret
        - name: storage
---
apiVersion: policy/v1
kind: PodDisruptionBudget
metadata:
  labels:
    app.kubernetes.io/instance: admin
    app.kubernetes.io/managed-by: Helm
    app.kubernetes.io/name: dubbo-admin
    helm.sh/chart: dubbo-admin-0.5.0
  name: admin-dubbo-admin
  namespace: dubbo-system
spec:
  minAvailable: 1
  selector:
    matchLabels:
      app.kubernetes.io/instance: admin
      app.kubernetes.io/name: dubbo-admin
---
apiVersion: rbac.authorization.k8s.io/v1
kind: Role
metadata:
  labels:
    app.kubernetes.io/instance: admin
    app.kubernetes.io/managed-by: Helm
    app.kubernetes.io/name: dubbo-admin
    helm.sh/chart: dubbo-admin-0.5.0
  name: admin-dubbo-admin
  namespace: dubbo-system
rules:
  - apiGroups:
      - extensions
    resourceNames:
      - admin-dubbo-admin
    resources:
      - podsecuritypolicies
    verbs:
      - use
---
apiVersion: rbac.authorization.k8s.io/v1
kind: RoleBinding
metadata:
  labels:
    app.kubernetes.io/instance: admin
    app.kubernetes.io/managed-by: Helm
    app.kubernetes.io/name: dubbo-admin
    helm.sh/chart: dubbo-admin-0.5.0
  name: admin-dubbo-admin
  namespace: dubbo-system
roleRef:
  apiGroup: rbac.authorization.k8s.io
  kind: Role
  name: admin-dubbo-admin
subjects:
  - kind: ServiceAccount
    name: admin-dubbo-admin
    namespace: dubbo-system
---
apiVersion: v1
data:
  application.properties: YWRtaW4uY2hlY2suc2Vzc2lvblRpbWVvdXRNaWxsaTogMzYwMDAwMAphZG1pbi5jaGVjay5zaWduU2VjcmV0OiA4NjI5NWRkMGM0ZWY2OWExMDM2YjBiMGMxNTE1OGQ3NwphZG1pbi5jaGVjay50b2tlblRpbWVvdXRNaWxsaTogMzYwMDAwMAphZG1pbi5jb25maWctY2VudGVyOiB6b29rZWVwZXI6Ly96b29rZWVwZXI6MjE4MQphZG1pbi5tZXRhZGF0YS1yZXBvcnQuYWRkcmVzczogem9va2VlcGVyOi8vem9va2VlcGVyOjIxODEKYWRtaW4ucmVnaXN0cnkuYWRkcmVzczogem9va2VlcGVyOi8vem9va2VlcGVyOjIxODEKYWRtaW4ucm9vdC51c2VyLm5hbWU6IHJvb3QKYWRtaW4ucm9vdC51c2VyLnBhc3N3b3JkOiByb290CmR1YmJvLmFwcGxpY2F0aW9uLmxvZ2dlcjogc2xmNGoKZHViYm8uYXBwbGljYXRpb24ubmFtZTogZHViYm8tYWRtaW4KZHViYm8ucmVnaXN0cnkuYWRkcmVzczogJHthZG1pbi5yZWdpc3RyeS5hZGRyZXNzfQpteWJhdGlzLXBsdXMuZ2xvYmFsLWNvbmZpZy5kYi1jb25maWcuaWQtdHlwZTogbm9uZQpzZXJ2ZXIuY29tcHJlc3Npb24uZW5hYmxlZDogdHJ1ZQpzZXJ2ZXIuY29tcHJlc3Npb24ubWltZS10eXBlczogdGV4dC9jc3MsdGV4dC9qYXZhc2NyaXB0LGFwcGxpY2F0aW9uL2phdmFzY3JpcHQKc2VydmVyLmNvbXByZXNzaW9uLm1pbi1yZXNwb25zZS1zaXplOiAxMDI0MApzcHJpbmcuZGF0YXNvdXJjZS5wYXNzd29yZDogbnVsbApzcHJpbmcuZGF0YXNvdXJjZS51cmw6IGpkYmM6aDI6bWVtOn4vZHViYm8tYWRtaW47TU9ERT1NWVNRTDsKc3ByaW5nLmRhdGFzb3VyY2UudXNlcm5hbWU6IHNh
kind: Secret
metadata:
  labels:
    app.kubernetes.io/instance: admin
    app.kubernetes.io/managed-by: Helm
    app.kubernetes.io/name: dubbo-admin
    helm.sh/chart: dubbo-admin-0.5.0
  name: admin-dubbo-admin-secret
  namespace: dubbo-system
type: Opaque
---
apiVersion: v1
kind: ServiceAccount
metadata:
  labels:
    app.kubernetes.io/instance: admin
    app.kubernetes.io/managed-by: Helm
    app.kubernetes.io/name: dubbo-admin
    helm.sh/chart: dubbo-admin-0.5.0
  name: admin-dubbo-admin
  namespace: dubbo-system
---
apiVersion: v1
kind: Service
metadata:
  labels:
    app.kubernetes.io/instance: admin
    app.kubernetes.io/managed-by: Helm
    app.kubernetes.io/name: dubbo-admin
    helm.sh/chart: dubbo-admin-0.5.0
  name: admin-dubbo-admin-headless
  namespace: dubbo-system
spec:
  clusterIP: None
  ports:
    - name: service
      port: 38080
      protocol: TCP
      targetPort: http
  selector:
    app.kubernetes.io/instance: admin
    app.kubernetes.io/name: dubbo-admin
  type: ClusterIP
---
apiVersion: v1
kind: Service
metadata:
  labels:
    app.kubernetes.io/instance: admin
    app.kubernetes.io/managed-by: Helm
    app.kubernetes.io/name: dubbo-admin
    helm.sh/chart: dubbo-admin-0.5.0
  name: admin-dubbo-admin
  namespace: dubbo-system
spec:
  ports:
    - name: service
      port: 38080
      protocol: TCP
      targetPort: http
  selector:
    app.kubernetes.io/instance: admin
    app.kubernetes.io/name: dubbo-admin
  type: ClusterIP
---
